--------------------------------------------------------------------------------
Release 14.7 Trace  (lin64)
Copyright (c) 1995-2013 Xilinx, Inc.  All rights reserved.

/opt/Xilinx/14.7/ISE_DS/ISE/bin/lin64/unwrapped/trce -intstyle ise -v 3 -s 3 -n
3 -fastpaths -xml K_SHIFTER.twx K_SHIFTER.ncd -o K_SHIFTER.twr K_SHIFTER.pcf

Design file:              K_SHIFTER.ncd
Physical constraint file: K_SHIFTER.pcf
Device,package,speed:     xc6slx75,fgg676,C,-3 (PRODUCTION 1.23 2013-10-13)
Report level:             verbose report

Environment Variable      Effect 
--------------------      ------ 
NONE                      No environment variables were set
--------------------------------------------------------------------------------

INFO:Timing:2698 - No timing constraints found, doing default enumeration.
INFO:Timing:3412 - To improve timing, see the Timing Closure User Guide (UG612).
INFO:Timing:2752 - To get complete path coverage, use the unconstrained paths 
   option. All paths that are not constrained will be reported in the 
   unconstrained paths section(s) of the report.
INFO:Timing:3339 - The clock-to-out numbers in this timing report are based on 
   a 50 Ohm transmission line loading model.  For the details of this model, 
   and for more information on accounting for different loading conditions, 
   please see the device datasheet.



Data Sheet report:
-----------------
All values displayed in nanoseconds (ns)

Pad to Pad
---------------+---------------+---------+
Source Pad     |Destination Pad|  Delay  |
---------------+---------------+---------+
INPUT<0>       |OUTPUT<0>      |    8.987|
INPUT<1>       |OUTPUT<0>      |    8.390|
INPUT<1>       |OUTPUT<1>      |    9.204|
INPUT<2>       |OUTPUT<0>      |    9.102|
INPUT<2>       |OUTPUT<1>      |    9.213|
INPUT<2>       |OUTPUT<2>      |    9.142|
INPUT<3>       |OUTPUT<0>      |    9.163|
INPUT<3>       |OUTPUT<1>      |    9.142|
INPUT<3>       |OUTPUT<2>      |    9.203|
INPUT<3>       |OUTPUT<3>      |    9.987|
INPUT<4>       |OUTPUT<0>      |    8.533|
INPUT<4>       |OUTPUT<1>      |    9.246|
INPUT<4>       |OUTPUT<2>      |    9.127|
INPUT<4>       |OUTPUT<3>      |   10.091|
INPUT<4>       |OUTPUT<4>      |    9.378|
INPUT<5>       |OUTPUT<0>      |    8.160|
INPUT<5>       |OUTPUT<1>      |    9.060|
INPUT<5>       |OUTPUT<2>      |    8.826|
INPUT<5>       |OUTPUT<3>      |    9.446|
INPUT<5>       |OUTPUT<4>      |    8.701|
INPUT<5>       |OUTPUT<5>      |    9.429|
INPUT<6>       |OUTPUT<0>      |    8.998|
INPUT<6>       |OUTPUT<1>      |    9.232|
INPUT<6>       |OUTPUT<2>      |    8.900|
INPUT<6>       |OUTPUT<3>      |    9.580|
INPUT<6>       |OUTPUT<4>      |    8.981|
INPUT<6>       |OUTPUT<5>      |    9.701|
INPUT<6>       |OUTPUT<6>      |    9.420|
INPUT<7>       |OUTPUT<0>      |    8.795|
INPUT<7>       |OUTPUT<1>      |    8.787|
INPUT<7>       |OUTPUT<2>      |    8.697|
INPUT<7>       |OUTPUT<3>      |    9.527|
INPUT<7>       |OUTPUT<4>      |    8.844|
INPUT<7>       |OUTPUT<5>      |    9.827|
INPUT<7>       |OUTPUT<6>      |    9.892|
INPUT<7>       |OUTPUT<7>      |    9.993|
INPUT<8>       |OUTPUT<1>      |    8.955|
INPUT<8>       |OUTPUT<2>      |    8.856|
INPUT<8>       |OUTPUT<3>      |    9.695|
INPUT<8>       |OUTPUT<4>      |    8.743|
INPUT<8>       |OUTPUT<5>      |    9.486|
INPUT<8>       |OUTPUT<6>      |    9.539|
INPUT<8>       |OUTPUT<7>      |   10.016|
INPUT<8>       |OUTPUT<8>      |    9.064|
INPUT<9>       |OUTPUT<2>      |    8.496|
INPUT<9>       |OUTPUT<3>      |    8.966|
INPUT<9>       |OUTPUT<4>      |    8.881|
INPUT<9>       |OUTPUT<5>      |    9.608|
INPUT<9>       |OUTPUT<6>      |    9.479|
INPUT<9>       |OUTPUT<7>      |    9.751|
INPUT<9>       |OUTPUT<8>      |    9.202|
INPUT<9>       |OUTPUT<9>      |    9.625|
INPUT<10>      |OUTPUT<3>      |    8.854|
INPUT<10>      |OUTPUT<4>      |    8.615|
INPUT<10>      |OUTPUT<5>      |    9.118|
INPUT<10>      |OUTPUT<6>      |    8.515|
INPUT<10>      |OUTPUT<7>      |    9.485|
INPUT<10>      |OUTPUT<8>      |    8.936|
INPUT<10>      |OUTPUT<9>      |    9.135|
INPUT<10>      |OUTPUT<10>     |    8.787|
INPUT<11>      |OUTPUT<4>      |    8.478|
INPUT<11>      |OUTPUT<5>      |    8.972|
INPUT<11>      |OUTPUT<6>      |    8.805|
INPUT<11>      |OUTPUT<7>      |    8.995|
INPUT<11>      |OUTPUT<8>      |    8.799|
INPUT<11>      |OUTPUT<9>      |    8.989|
INPUT<11>      |OUTPUT<10>     |    9.077|
INPUT<11>      |OUTPUT<11>     |    9.080|
INPUT<12>      |OUTPUT<5>      |    8.828|
INPUT<12>      |OUTPUT<6>      |    8.507|
INPUT<12>      |OUTPUT<7>      |    8.947|
INPUT<12>      |OUTPUT<8>      |    9.294|
INPUT<12>      |OUTPUT<9>      |    8.845|
INPUT<12>      |OUTPUT<10>     |    8.779|
INPUT<12>      |OUTPUT<11>     |    9.032|
INPUT<12>      |OUTPUT<12>     |    9.953|
INPUT<13>      |OUTPUT<6>      |    8.833|
INPUT<13>      |OUTPUT<7>      |    8.698|
INPUT<13>      |OUTPUT<8>      |    8.937|
INPUT<13>      |OUTPUT<9>      |    9.370|
INPUT<13>      |OUTPUT<10>     |    9.105|
INPUT<13>      |OUTPUT<11>     |    8.783|
INPUT<13>      |OUTPUT<12>     |    9.596|
INPUT<13>      |OUTPUT<13>     |    9.963|
INPUT<14>      |OUTPUT<7>      |    8.651|
INPUT<14>      |OUTPUT<8>      |    8.610|
INPUT<14>      |OUTPUT<9>      |    8.493|
INPUT<14>      |OUTPUT<10>     |    8.778|
INPUT<14>      |OUTPUT<11>     |    8.736|
INPUT<14>      |OUTPUT<12>     |    9.269|
INPUT<14>      |OUTPUT<13>     |    9.086|
INPUT<14>      |OUTPUT<14>     |    9.278|
INPUT<15>      |OUTPUT<8>      |    8.409|
INPUT<15>      |OUTPUT<9>      |    8.878|
INPUT<15>      |OUTPUT<10>     |    8.968|
INPUT<15>      |OUTPUT<11>     |    9.340|
INPUT<15>      |OUTPUT<12>     |    9.068|
INPUT<15>      |OUTPUT<13>     |    9.471|
INPUT<15>      |OUTPUT<14>     |    9.468|
INPUT<15>      |OUTPUT<15>     |    9.722|
INPUT<16>      |OUTPUT<9>      |    8.500|
INPUT<16>      |OUTPUT<10>     |    8.416|
INPUT<16>      |OUTPUT<11>     |    8.670|
INPUT<16>      |OUTPUT<12>     |    9.097|
INPUT<16>      |OUTPUT<13>     |    9.093|
INPUT<16>      |OUTPUT<14>     |    8.916|
INPUT<16>      |OUTPUT<15>     |    9.052|
INPUT<16>      |OUTPUT<16>     |    9.167|
INPUT<17>      |OUTPUT<10>     |    8.756|
INPUT<17>      |OUTPUT<11>     |    8.506|
INPUT<17>      |OUTPUT<12>     |    9.194|
INPUT<17>      |OUTPUT<13>     |    9.122|
INPUT<17>      |OUTPUT<14>     |    9.256|
INPUT<17>      |OUTPUT<15>     |    8.888|
INPUT<17>      |OUTPUT<16>     |    9.264|
INPUT<17>      |OUTPUT<17>     |    9.068|
INPUT<18>      |OUTPUT<11>     |    8.919|
INPUT<18>      |OUTPUT<12>     |    9.047|
INPUT<18>      |OUTPUT<13>     |    8.925|
INPUT<18>      |OUTPUT<14>     |    8.967|
INPUT<18>      |OUTPUT<15>     |    9.301|
INPUT<18>      |OUTPUT<16>     |    9.117|
INPUT<18>      |OUTPUT<17>     |    8.871|
INPUT<18>      |OUTPUT<18>     |    9.542|
INPUT<19>      |OUTPUT<12>     |    8.332|
INPUT<19>      |OUTPUT<13>     |    8.711|
INPUT<19>      |OUTPUT<14>     |    8.313|
INPUT<19>      |OUTPUT<15>     |    9.164|
INPUT<19>      |OUTPUT<16>     |    8.402|
INPUT<19>      |OUTPUT<17>     |    8.657|
INPUT<19>      |OUTPUT<18>     |    8.888|
INPUT<19>      |OUTPUT<19>     |   10.118|
INPUT<20>      |OUTPUT<13>     |    8.892|
INPUT<20>      |OUTPUT<14>     |    8.649|
INPUT<20>      |OUTPUT<15>     |    9.003|
INPUT<20>      |OUTPUT<16>     |    8.708|
INPUT<20>      |OUTPUT<17>     |    8.838|
INPUT<20>      |OUTPUT<18>     |    9.224|
INPUT<20>      |OUTPUT<19>     |    9.957|
INPUT<20>      |OUTPUT<20>     |    8.783|
INPUT<21>      |OUTPUT<14>     |    8.193|
INPUT<21>      |OUTPUT<15>     |    8.879|
INPUT<21>      |OUTPUT<16>     |    8.529|
INPUT<21>      |OUTPUT<17>     |    8.802|
INPUT<21>      |OUTPUT<18>     |    8.768|
INPUT<21>      |OUTPUT<19>     |    9.833|
INPUT<21>      |OUTPUT<20>     |    8.604|
INPUT<21>      |OUTPUT<21>     |   10.137|
INPUT<22>      |OUTPUT<15>     |    8.437|
INPUT<22>      |OUTPUT<16>     |    8.192|
INPUT<22>      |OUTPUT<17>     |    7.905|
INPUT<22>      |OUTPUT<18>     |    8.199|
INPUT<22>      |OUTPUT<19>     |    9.391|
INPUT<22>      |OUTPUT<20>     |    8.267|
INPUT<22>      |OUTPUT<21>     |    9.240|
INPUT<22>      |OUTPUT<22>     |    9.123|
INPUT<23>      |OUTPUT<16>     |    8.767|
INPUT<23>      |OUTPUT<17>     |    8.676|
INPUT<23>      |OUTPUT<18>     |    8.243|
INPUT<23>      |OUTPUT<19>     |    9.770|
INPUT<23>      |OUTPUT<20>     |    8.842|
INPUT<23>      |OUTPUT<21>     |   10.011|
INPUT<23>      |OUTPUT<22>     |    9.167|
INPUT<23>      |OUTPUT<23>     |    9.788|
INPUT<24>      |OUTPUT<17>     |    7.704|
INPUT<24>      |OUTPUT<18>     |    8.048|
INPUT<24>      |OUTPUT<19>     |    9.585|
INPUT<24>      |OUTPUT<20>     |    8.368|
INPUT<24>      |OUTPUT<21>     |    9.039|
INPUT<24>      |OUTPUT<22>     |    8.972|
INPUT<24>      |OUTPUT<23>     |    9.603|
INPUT<24>      |OUTPUT<24>     |    8.938|
INPUT<25>      |OUTPUT<18>     |    8.417|
INPUT<25>      |OUTPUT<19>     |    9.603|
INPUT<25>      |OUTPUT<20>     |    8.644|
INPUT<25>      |OUTPUT<21>     |    9.479|
INPUT<25>      |OUTPUT<22>     |    9.341|
INPUT<25>      |OUTPUT<23>     |    9.621|
INPUT<25>      |OUTPUT<24>     |    9.214|
INPUT<25>      |OUTPUT<25>     |   10.040|
INPUT<26>      |OUTPUT<19>     |    8.595|
INPUT<26>      |OUTPUT<20>     |    8.059|
INPUT<26>      |OUTPUT<21>     |    8.692|
INPUT<26>      |OUTPUT<22>     |    8.986|
INPUT<26>      |OUTPUT<23>     |    8.613|
INPUT<26>      |OUTPUT<24>     |    8.629|
INPUT<26>      |OUTPUT<25>     |    9.253|
INPUT<26>      |OUTPUT<26>     |    9.019|
INPUT<27>      |OUTPUT<20>     |    8.445|
INPUT<27>      |OUTPUT<21>     |    8.872|
INPUT<27>      |OUTPUT<22>     |    8.882|
INPUT<27>      |OUTPUT<23>     |    8.974|
INPUT<27>      |OUTPUT<24>     |    9.015|
INPUT<27>      |OUTPUT<25>     |    9.433|
INPUT<27>      |OUTPUT<26>     |    8.915|
INPUT<27>      |OUTPUT<27>     |    9.464|
INPUT<28>      |OUTPUT<21>     |    9.218|
INPUT<28>      |OUTPUT<22>     |    9.109|
INPUT<28>      |OUTPUT<23>     |    9.088|
INPUT<28>      |OUTPUT<24>     |    9.120|
INPUT<28>      |OUTPUT<25>     |    9.779|
INPUT<28>      |OUTPUT<26>     |    9.142|
INPUT<28>      |OUTPUT<27>     |    9.578|
INPUT<28>      |OUTPUT<28>     |    9.616|
INPUT<29>      |OUTPUT<22>     |    9.381|
INPUT<29>      |OUTPUT<23>     |    9.003|
INPUT<29>      |OUTPUT<24>     |    8.741|
INPUT<29>      |OUTPUT<25>     |    7.947|
INPUT<29>      |OUTPUT<26>     |    9.414|
INPUT<29>      |OUTPUT<27>     |    9.493|
INPUT<29>      |OUTPUT<28>     |    7.959|
INPUT<29>      |OUTPUT<29>     |    7.206|
INPUT<30>      |OUTPUT<23>     |    8.671|
INPUT<30>      |OUTPUT<24>     |    8.703|
INPUT<30>      |OUTPUT<25>     |    8.159|
INPUT<30>      |OUTPUT<26>     |    7.529|
INPUT<30>      |OUTPUT<27>     |    9.161|
INPUT<30>      |OUTPUT<28>     |    7.489|
INPUT<30>      |OUTPUT<29>     |    7.623|
INPUT<30>      |OUTPUT<30>     |    7.820|
INPUT<31>      |OUTPUT<24>     |   10.207|
INPUT<31>      |OUTPUT<25>     |    8.716|
INPUT<31>      |OUTPUT<26>     |    9.152|
INPUT<31>      |OUTPUT<27>     |    8.264|
INPUT<31>      |OUTPUT<28>     |    8.655|
INPUT<31>      |OUTPUT<29>     |    8.509|
INPUT<31>      |OUTPUT<30>     |    6.657|
INPUT<31>      |OUTPUT<31>     |    6.819|
SH_AMNT<0>     |OUTPUT<0>      |    8.429|
SH_AMNT<0>     |OUTPUT<1>      |    8.408|
SH_AMNT<0>     |OUTPUT<2>      |    8.469|
SH_AMNT<0>     |OUTPUT<3>      |    9.253|
SH_AMNT<0>     |OUTPUT<4>      |    8.344|
SH_AMNT<0>     |OUTPUT<5>      |    8.649|
SH_AMNT<0>     |OUTPUT<6>      |    8.786|
SH_AMNT<0>     |OUTPUT<7>      |    8.852|
SH_AMNT<0>     |OUTPUT<8>      |    8.829|
SH_AMNT<0>     |OUTPUT<9>      |    8.782|
SH_AMNT<0>     |OUTPUT<10>     |    8.920|
SH_AMNT<0>     |OUTPUT<11>     |    9.014|
SH_AMNT<0>     |OUTPUT<12>     |    9.488|
SH_AMNT<0>     |OUTPUT<13>     |    9.375|
SH_AMNT<0>     |OUTPUT<14>     |    9.344|
SH_AMNT<0>     |OUTPUT<15>     |    9.730|
SH_AMNT<0>     |OUTPUT<16>     |    9.366|
SH_AMNT<0>     |OUTPUT<17>     |    9.669|
SH_AMNT<0>     |OUTPUT<18>     |    9.878|
SH_AMNT<0>     |OUTPUT<19>     |   10.684|
SH_AMNT<0>     |OUTPUT<20>     |    9.724|
SH_AMNT<0>     |OUTPUT<21>     |   11.004|
SH_AMNT<0>     |OUTPUT<22>     |   10.790|
SH_AMNT<0>     |OUTPUT<23>     |   10.786|
SH_AMNT<0>     |OUTPUT<24>     |   10.436|
SH_AMNT<0>     |OUTPUT<25>     |   11.351|
SH_AMNT<0>     |OUTPUT<26>     |   10.823|
SH_AMNT<0>     |OUTPUT<27>     |   11.276|
SH_AMNT<0>     |OUTPUT<28>     |   10.760|
SH_AMNT<0>     |OUTPUT<29>     |   10.193|
SH_AMNT<0>     |OUTPUT<30>     |   10.754|
SH_AMNT<0>     |OUTPUT<31>     |   10.916|
SH_AMNT<1>     |OUTPUT<0>      |    7.281|
SH_AMNT<1>     |OUTPUT<1>      |    7.783|
SH_AMNT<1>     |OUTPUT<2>      |    7.826|
SH_AMNT<1>     |OUTPUT<3>      |    7.873|
SH_AMNT<1>     |OUTPUT<4>      |    8.468|
SH_AMNT<1>     |OUTPUT<5>      |    8.982|
SH_AMNT<1>     |OUTPUT<6>      |    8.794|
SH_AMNT<1>     |OUTPUT<7>      |    9.339|
SH_AMNT<1>     |OUTPUT<8>      |    8.913|
SH_AMNT<1>     |OUTPUT<9>      |    9.231|
SH_AMNT<1>     |OUTPUT<10>     |    9.113|
SH_AMNT<1>     |OUTPUT<11>     |    9.588|
SH_AMNT<1>     |OUTPUT<12>     |    9.614|
SH_AMNT<1>     |OUTPUT<13>     |    9.824|
SH_AMNT<1>     |OUTPUT<14>     |    9.613|
SH_AMNT<1>     |OUTPUT<15>     |    9.970|
SH_AMNT<1>     |OUTPUT<16>     |    9.739|
SH_AMNT<1>     |OUTPUT<17>     |    9.695|
SH_AMNT<1>     |OUTPUT<18>     |    9.855|
SH_AMNT<1>     |OUTPUT<19>     |   10.998|
SH_AMNT<1>     |OUTPUT<20>     |    9.814|
SH_AMNT<1>     |OUTPUT<21>     |   11.030|
SH_AMNT<1>     |OUTPUT<22>     |   10.633|
SH_AMNT<1>     |OUTPUT<23>     |   11.016|
SH_AMNT<1>     |OUTPUT<24>     |   10.625|
SH_AMNT<1>     |OUTPUT<25>     |   10.866|
SH_AMNT<1>     |OUTPUT<26>     |   10.666|
SH_AMNT<1>     |OUTPUT<27>     |   10.844|
SH_AMNT<1>     |OUTPUT<28>     |    9.957|
SH_AMNT<1>     |OUTPUT<29>     |   10.478|
SH_AMNT<1>     |OUTPUT<30>     |   10.622|
SH_AMNT<1>     |OUTPUT<31>     |   10.784|
SH_AMNT<2>     |OUTPUT<0>      |    7.833|
SH_AMNT<2>     |OUTPUT<1>      |    8.704|
SH_AMNT<2>     |OUTPUT<2>      |    7.969|
SH_AMNT<2>     |OUTPUT<3>      |    8.634|
SH_AMNT<2>     |OUTPUT<4>      |    7.521|
SH_AMNT<2>     |OUTPUT<5>      |    7.735|
SH_AMNT<2>     |OUTPUT<6>      |    7.562|
SH_AMNT<2>     |OUTPUT<7>      |    8.002|
SH_AMNT<2>     |OUTPUT<8>      |    7.842|
SH_AMNT<2>     |OUTPUT<9>      |    7.752|
SH_AMNT<2>     |OUTPUT<10>     |    7.834|
SH_AMNT<2>     |OUTPUT<11>     |    8.087|
SH_AMNT<2>     |OUTPUT<12>     |    8.536|
SH_AMNT<2>     |OUTPUT<13>     |    8.686|
SH_AMNT<2>     |OUTPUT<14>     |    8.550|
SH_AMNT<2>     |OUTPUT<15>     |    8.864|
SH_AMNT<2>     |OUTPUT<16>     |    8.606|
SH_AMNT<2>     |OUTPUT<17>     |    8.632|
SH_AMNT<2>     |OUTPUT<18>     |    9.097|
SH_AMNT<2>     |OUTPUT<19>     |   10.337|
SH_AMNT<2>     |OUTPUT<20>     |    9.456|
SH_AMNT<2>     |OUTPUT<21>     |   10.324|
SH_AMNT<2>     |OUTPUT<22>     |   10.021|
SH_AMNT<2>     |OUTPUT<23>     |   10.355|
SH_AMNT<2>     |OUTPUT<24>     |   10.026|
SH_AMNT<2>     |OUTPUT<25>     |   10.290|
SH_AMNT<2>     |OUTPUT<26>     |   10.086|
SH_AMNT<2>     |OUTPUT<27>     |   10.688|
SH_AMNT<2>     |OUTPUT<28>     |   10.362|
SH_AMNT<2>     |OUTPUT<29>     |   10.493|
SH_AMNT<2>     |OUTPUT<30>     |   10.760|
SH_AMNT<2>     |OUTPUT<31>     |   10.922|
---------------+---------------+---------+


Analysis completed Mon Jun  3 23:15:47 2024 
--------------------------------------------------------------------------------

Trace Settings:
-------------------------
Trace Settings 

Peak Memory Usage: 464 MB



