--------------------------------------------------------------------------------
Release 14.7 Trace  (lin64)
Copyright (c) 1995-2013 Xilinx, Inc.  All rights reserved.

/opt/Xilinx/14.7/ISE_DS/ISE/bin/lin64/unwrapped/trce -intstyle ise -v 3 -s 3 -n
3 -fastpaths -xml MUX.twx MUX.ncd -o MUX.twr MUX.pcf

Design file:              MUX.ncd
Physical constraint file: MUX.pcf
Device,package,speed:     xc6slx16,csg324,C,-3 (PRODUCTION 1.23 2013-10-13)
Report level:             verbose report

Environment Variable      Effect 
--------------------      ------ 
NONE                      No environment variables were set
--------------------------------------------------------------------------------

INFO:Timing:2698 - No timing constraints found, doing default enumeration.
INFO:Timing:3412 - To improve timing, see the Timing Closure User Guide (UG612).
INFO:Timing:2752 - To get complete path coverage, use the unconstrained paths 
   option. All paths that are not constrained will be reported in the 
   unconstrained paths section(s) of the report.
INFO:Timing:3339 - The clock-to-out numbers in this timing report are based on 
   a 50 Ohm transmission line loading model.  For the details of this model, 
   and for more information on accounting for different loading conditions, 
   please see the device datasheet.



Data Sheet report:
-----------------
All values displayed in nanoseconds (ns)

Pad to Pad
---------------+---------------+---------+
Source Pad     |Destination Pad|  Delay  |
---------------+---------------+---------+
MUX_S<0>       |MUX_Y<0>       |    8.946|
MUX_S<0>       |MUX_Y<1>       |    8.822|
MUX_S<0>       |MUX_Y<2>       |    9.120|
MUX_S<0>       |MUX_Y<3>       |    8.498|
MUX_S<0>       |MUX_Y<4>       |    9.065|
MUX_S<0>       |MUX_Y<5>       |    9.225|
MUX_S<0>       |MUX_Y<6>       |    9.287|
MUX_S<0>       |MUX_Y<7>       |    8.862|
MUX_S<0>       |MUX_Y<8>       |    9.235|
MUX_S<0>       |MUX_Y<9>       |    9.339|
MUX_S<0>       |MUX_Y<10>      |    9.545|
MUX_S<0>       |MUX_Y<11>      |    9.787|
MUX_S<0>       |MUX_Y<12>      |    9.664|
MUX_S<0>       |MUX_Y<13>      |    9.537|
MUX_S<0>       |MUX_Y<14>      |    9.481|
MUX_S<0>       |MUX_Y<15>      |    9.754|
MUX_S<0>       |MUX_Y<16>      |    9.570|
MUX_S<0>       |MUX_Y<17>      |   10.094|
MUX_S<0>       |MUX_Y<18>      |    9.649|
MUX_S<0>       |MUX_Y<19>      |    9.525|
MUX_S<0>       |MUX_Y<20>      |    8.802|
MUX_S<0>       |MUX_Y<21>      |    8.666|
MUX_S<0>       |MUX_Y<22>      |    8.145|
MUX_S<0>       |MUX_Y<23>      |    8.541|
MUX_S<0>       |MUX_Y<24>      |    8.245|
MUX_S<0>       |MUX_Y<25>      |    8.313|
MUX_S<0>       |MUX_Y<26>      |    8.311|
MUX_S<0>       |MUX_Y<27>      |    8.733|
MUX_S<0>       |MUX_Y<28>      |    7.694|
MUX_S<0>       |MUX_Y<29>      |    7.872|
MUX_S<0>       |MUX_Y<30>      |    8.281|
MUX_S<0>       |MUX_Y<31>      |    8.245|
MUX_S<1>       |MUX_Y<0>       |    8.923|
MUX_S<1>       |MUX_Y<1>       |    8.954|
MUX_S<1>       |MUX_Y<2>       |    9.353|
MUX_S<1>       |MUX_Y<3>       |    8.969|
MUX_S<1>       |MUX_Y<4>       |    9.253|
MUX_S<1>       |MUX_Y<5>       |    9.449|
MUX_S<1>       |MUX_Y<6>       |    9.348|
MUX_S<1>       |MUX_Y<7>       |    9.190|
MUX_S<1>       |MUX_Y<8>       |    9.666|
MUX_S<1>       |MUX_Y<9>       |    9.500|
MUX_S<1>       |MUX_Y<10>      |   10.014|
MUX_S<1>       |MUX_Y<11>      |    9.792|
MUX_S<1>       |MUX_Y<12>      |    9.753|
MUX_S<1>       |MUX_Y<13>      |    9.286|
MUX_S<1>       |MUX_Y<14>      |    9.759|
MUX_S<1>       |MUX_Y<15>      |   10.077|
MUX_S<1>       |MUX_Y<16>      |   10.081|
MUX_S<1>       |MUX_Y<17>      |   10.232|
MUX_S<1>       |MUX_Y<18>      |   10.078|
MUX_S<1>       |MUX_Y<19>      |   10.024|
MUX_S<1>       |MUX_Y<20>      |    8.781|
MUX_S<1>       |MUX_Y<21>      |    8.779|
MUX_S<1>       |MUX_Y<22>      |    8.256|
MUX_S<1>       |MUX_Y<23>      |    8.357|
MUX_S<1>       |MUX_Y<24>      |    8.141|
MUX_S<1>       |MUX_Y<25>      |    8.781|
MUX_S<1>       |MUX_Y<26>      |    8.539|
MUX_S<1>       |MUX_Y<27>      |    8.640|
MUX_S<1>       |MUX_Y<28>      |    8.334|
MUX_S<1>       |MUX_Y<29>      |    8.136|
MUX_S<1>       |MUX_Y<30>      |    8.081|
MUX_S<1>       |MUX_Y<31>      |    8.616|
MUX_S<2>       |MUX_Y<0>       |    8.469|
MUX_S<2>       |MUX_Y<1>       |    9.129|
MUX_S<2>       |MUX_Y<2>       |    9.548|
MUX_S<2>       |MUX_Y<3>       |    9.054|
MUX_S<2>       |MUX_Y<4>       |    9.483|
MUX_S<2>       |MUX_Y<5>       |    9.345|
MUX_S<2>       |MUX_Y<6>       |    9.338|
MUX_S<2>       |MUX_Y<7>       |    9.224|
MUX_S<2>       |MUX_Y<8>       |    9.590|
MUX_S<2>       |MUX_Y<9>       |    9.448|
MUX_S<2>       |MUX_Y<10>      |    9.747|
MUX_S<2>       |MUX_Y<11>      |    9.878|
MUX_S<2>       |MUX_Y<12>      |    9.859|
MUX_S<2>       |MUX_Y<13>      |    9.456|
MUX_S<2>       |MUX_Y<14>      |    9.613|
MUX_S<2>       |MUX_Y<15>      |   10.521|
MUX_S<2>       |MUX_Y<16>      |   10.060|
MUX_S<2>       |MUX_Y<17>      |   10.245|
MUX_S<2>       |MUX_Y<18>      |   10.136|
MUX_S<2>       |MUX_Y<19>      |    9.968|
MUX_S<2>       |MUX_Y<20>      |    8.334|
MUX_S<2>       |MUX_Y<21>      |    8.577|
MUX_S<2>       |MUX_Y<22>      |    7.754|
MUX_S<2>       |MUX_Y<23>      |    8.296|
MUX_S<2>       |MUX_Y<24>      |    7.958|
MUX_S<2>       |MUX_Y<25>      |    9.094|
MUX_S<2>       |MUX_Y<26>      |    8.537|
MUX_S<2>       |MUX_Y<27>      |    8.548|
MUX_S<2>       |MUX_Y<28>      |    8.132|
MUX_S<2>       |MUX_Y<29>      |    8.267|
MUX_S<2>       |MUX_Y<30>      |    8.262|
MUX_S<2>       |MUX_Y<31>      |    7.985|
MUX_X<0>       |MUX_Y<0>       |   10.357|
MUX_X<1>       |MUX_Y<1>       |   10.808|
MUX_X<2>       |MUX_Y<2>       |   11.053|
MUX_X<3>       |MUX_Y<3>       |   10.844|
MUX_X<4>       |MUX_Y<4>       |   11.195|
MUX_X<5>       |MUX_Y<5>       |   10.336|
MUX_X<6>       |MUX_Y<6>       |   10.823|
MUX_X<7>       |MUX_Y<7>       |   11.624|
MUX_X<8>       |MUX_Y<8>       |   10.357|
MUX_X<9>       |MUX_Y<9>       |   10.676|
MUX_X<10>      |MUX_Y<10>      |   11.554|
MUX_X<11>      |MUX_Y<11>      |   10.533|
MUX_X<12>      |MUX_Y<12>      |   11.375|
MUX_X<13>      |MUX_Y<13>      |   11.209|
MUX_X<14>      |MUX_Y<14>      |   11.256|
MUX_X<15>      |MUX_Y<15>      |   11.205|
MUX_X<16>      |MUX_Y<16>      |   11.213|
MUX_X<17>      |MUX_Y<17>      |   10.870|
MUX_X<18>      |MUX_Y<18>      |   11.345|
MUX_X<19>      |MUX_Y<19>      |   11.434|
MUX_X<20>      |MUX_Y<20>      |   10.176|
MUX_X<21>      |MUX_Y<21>      |   10.572|
MUX_X<22>      |MUX_Y<22>      |    9.728|
MUX_X<23>      |MUX_Y<23>      |    9.956|
MUX_X<24>      |MUX_Y<24>      |    9.285|
MUX_X<25>      |MUX_Y<25>      |    9.671|
MUX_X<26>      |MUX_Y<26>      |    9.018|
MUX_X<27>      |MUX_Y<27>      |   10.171|
MUX_X<28>      |MUX_Y<28>      |    9.165|
MUX_X<29>      |MUX_Y<29>      |    8.910|
MUX_X<30>      |MUX_Y<30>      |    9.976|
MUX_X<31>      |MUX_Y<31>      |    9.619|
MUX_X<32>      |MUX_Y<0>       |   10.057|
MUX_X<33>      |MUX_Y<1>       |    9.965|
MUX_X<34>      |MUX_Y<2>       |   10.316|
MUX_X<35>      |MUX_Y<3>       |   10.317|
MUX_X<36>      |MUX_Y<4>       |   10.244|
MUX_X<37>      |MUX_Y<5>       |    9.854|
MUX_X<38>      |MUX_Y<6>       |   10.064|
MUX_X<39>      |MUX_Y<7>       |   10.853|
MUX_X<40>      |MUX_Y<8>       |   10.656|
MUX_X<41>      |MUX_Y<9>       |   10.629|
MUX_X<42>      |MUX_Y<10>      |   10.664|
MUX_X<43>      |MUX_Y<11>      |   10.737|
MUX_X<44>      |MUX_Y<12>      |   11.087|
MUX_X<45>      |MUX_Y<13>      |   10.630|
MUX_X<46>      |MUX_Y<14>      |   11.044|
MUX_X<47>      |MUX_Y<15>      |   11.051|
MUX_X<48>      |MUX_Y<16>      |   11.578|
MUX_X<49>      |MUX_Y<17>      |   11.428|
MUX_X<50>      |MUX_Y<18>      |   11.329|
MUX_X<51>      |MUX_Y<19>      |   11.453|
MUX_X<52>      |MUX_Y<20>      |   10.541|
MUX_X<53>      |MUX_Y<21>      |   10.502|
MUX_X<54>      |MUX_Y<22>      |   10.014|
MUX_X<55>      |MUX_Y<23>      |    9.764|
MUX_X<56>      |MUX_Y<24>      |    9.827|
MUX_X<57>      |MUX_Y<25>      |   10.330|
MUX_X<58>      |MUX_Y<26>      |    9.691|
MUX_X<59>      |MUX_Y<27>      |   10.236|
MUX_X<60>      |MUX_Y<28>      |    9.983|
MUX_X<61>      |MUX_Y<29>      |   10.070|
MUX_X<62>      |MUX_Y<30>      |   10.024|
MUX_X<63>      |MUX_Y<31>      |    9.817|
MUX_X<64>      |MUX_Y<0>       |   10.590|
MUX_X<65>      |MUX_Y<1>       |   10.423|
MUX_X<66>      |MUX_Y<2>       |   10.394|
MUX_X<67>      |MUX_Y<3>       |   10.222|
MUX_X<68>      |MUX_Y<4>       |   10.390|
MUX_X<69>      |MUX_Y<5>       |   10.179|
MUX_X<70>      |MUX_Y<6>       |   10.436|
MUX_X<71>      |MUX_Y<7>       |   10.549|
MUX_X<72>      |MUX_Y<8>       |   10.576|
MUX_X<73>      |MUX_Y<9>       |   10.356|
MUX_X<74>      |MUX_Y<10>      |   11.021|
MUX_X<75>      |MUX_Y<11>      |   11.119|
MUX_X<76>      |MUX_Y<12>      |   10.219|
MUX_X<77>      |MUX_Y<13>      |   10.315|
MUX_X<78>      |MUX_Y<14>      |   10.184|
MUX_X<79>      |MUX_Y<15>      |   10.594|
MUX_X<80>      |MUX_Y<16>      |   10.391|
MUX_X<81>      |MUX_Y<17>      |   10.205|
MUX_X<82>      |MUX_Y<18>      |    9.820|
MUX_X<83>      |MUX_Y<19>      |   10.424|
MUX_X<84>      |MUX_Y<20>      |    8.864|
MUX_X<85>      |MUX_Y<21>      |    8.957|
MUX_X<86>      |MUX_Y<22>      |    8.685|
MUX_X<87>      |MUX_Y<23>      |    8.421|
MUX_X<88>      |MUX_Y<24>      |    8.151|
MUX_X<89>      |MUX_Y<25>      |    8.763|
MUX_X<90>      |MUX_Y<26>      |    8.195|
MUX_X<91>      |MUX_Y<27>      |    8.616|
MUX_X<92>      |MUX_Y<28>      |    7.755|
MUX_X<93>      |MUX_Y<29>      |    8.466|
MUX_X<94>      |MUX_Y<30>      |    8.337|
MUX_X<95>      |MUX_Y<31>      |    8.518|
---------------+---------------+---------+


Analysis completed Fri May 24 13:38:07 2024 
--------------------------------------------------------------------------------

Trace Settings:
-------------------------
Trace Settings 

Peak Memory Usage: 376 MB



